Validated 488 exact registry archives; seeding a dedicated cache
npm warn Unknown env config "http-proxy". This will stop working in the next major version of npm.
npm warn Unknown env config "http-proxy". This will stop working in the next major version of npm.
npm warn Unknown env config "http-proxy". This will stop working in the next major version of npm.
npm warn Unknown env config "http-proxy". This will stop working in the next major version of npm.
npm warn Unknown env config "http-proxy". This will stop working in the next major version of npm.
npm warn Unknown env config "http-proxy". This will stop working in the next major version of npm.
npm warn Unknown env config "http-proxy". This will stop working in the next major version of npm.
npm warn Unknown env config "http-proxy". This will stop working in the next major version of npm.
npm warn Unknown env config "http-proxy". This will stop working in the next major version of npm.
npm warn Unknown env config "http-proxy". This will stop working in the next major version of npm.
npm warn Unknown env config "http-proxy". This will stop working in the next major version of npm.
npm warn Unknown env config "http-proxy". This will stop working in the next major version of npm.
npm warn Unknown env config "http-proxy". This will stop working in the next major version of npm.
npm warn Unknown env config "http-proxy". This will stop working in the next major version of npm.

> mantou-waline-backend-preparation@0.1.0 build:derivative
> python scripts/build-derivative.py

{"artifact": "vendor/generated/mantou-waline-postgresql-1.43.4-mantou.1.tgz", "sha256": "e986bf7d43dadd85650fcc7bfe8f68b003afbfe9c8cc3771b96c42bce4d15485", "preservedFiles": 33, "removedDependencies": ["@cloudbase/node-sdk", "leancloud-storage", "akismet", "think-model-mysql", "think-model-mysql2", "think-model-sqlite", "think-mongo"]}
npm warn Unknown env config "http-proxy". This will stop working in the next major version of npm.
npm warn deprecated formidable@1.2.6: Please upgrade to latest, formidable@v2 or formidable@v3! Check these notes: https://bit.ly/2ZEqIau

added 285 packages in 5s
npm warn Unknown env config "http-proxy". This will stop working in the next major version of npm.

> mantou-waline-backend-preparation@0.1.0 check
> node --check index.cjs && node --check src/candidate.cjs && node --check src/policy.cjs && node --check src/bootstrap.cjs

npm warn Unknown env config "http-proxy". This will stop working in the next major version of npm.

> mantou-waline-backend-preparation@0.1.0 test
> npm run test:application && npm run test:reference

npm warn Unknown env config "http-proxy". This will stop working in the next major version of npm.

> mantou-waline-backend-preparation@0.1.0 test:application
> node --test --test-concurrency=1 test/*.test.cjs

✔ security: isolated bootstrap never imports unused provider/Akismet vulnerability trees (1.317766ms)
✔ security: startup has zero instrumented HTTP/HTTPS/net/TLS attempts (0.19794ms)
✔ security: resolved configuration and synthetic JWT are never written to runtime snapshots (0.151012ms)
✔ security: future PostgreSQL adapter config verifies certificates and suppresses SQL/credential logging (0.167193ms)
✔ security: actual pg.Pool receives verified TLS options without opening a database connection (0.182378ms)
✔ security: real PostgreSQL socket class logs neither synthetic connection credentials nor fake query text (0.097777ms)
✔ derivative: local identity is distinct, private and explicitly tied to pinned upstream integrity (1.379658ms)
✔ derivative: removed SDK/driver trees cannot be resolved from the application installation (5.642511ms)
✔ derivative: only PostgreSQL storage plus its unchanged inheritance helpers remain (55.651474ms)
✔ derivative: every protected controller, logic, core, PostgreSQL helper and license is byte-identical (1.668936ms)
✔ derivative: direct package entry fails closed without bootstrapping services (0.66941ms)
✔ derivative: two offline generations produce identical archive and manifest bytes (138.002105ms)
✔ derivative: installed package metadata declares no removed dependency or publication hook (0.303713ms)
✔ derivative: a tampered upstream archive is rejected before any generated artifact is written (41.287311ms)
✔ WAL-022, WAL-024: public entrypoint stays inert without loading Waline or any model (40.724943ms)
✔ AC-022: controller/model exceptions do not expose error text over real local HTTP (395.265691ms)
✔ AC-034: a fault after in-memory add is treated as unknown, never falsely as definitely not saved (59.417261ms)
✔ TM-015 / INV-001: actual package public JSON excludes raw UA and unknown private fields (351.451816ms)
[36m[2026-10-05T19:46:19.276] [321] [DEBUG][39m - Comment added fixture1
✔ TM-004, TM-013: anonymous no-email comment persists in memory as waiting and is absent from anonymous list/count (144.618729ms)
[36m[2026-10-05T19:46:19.408] [321] [DEBUG][39m - Comment added fixture2
✔ TM-004, TM-013: anonymous reply is waiting despite forged approved status (89.821106ms)
✔ TM-013: pre-seeded waiting/spam rows never enter public root list/count (35.146887ms)
✔ TM-016 / AC-012: first-administrator registration stays closed with an empty user store (4.009057ms)
✔ TM-015: anonymous update/delete/export and alternate registration paths remain closed (19.936572ms)
✔ AC-023 (TM-035 notification-enable cases remain postponed): tested comment and reply flows make no external fetch calls (0.217821ms)
✔ TM-015 / INV-001: nested reply projection keeps only declared scalar fields (1.17131ms)
✔ TM-015: generated extension-field and nested-shape corpus cannot carry private fields through the public projection (1.651304ms)
✔ TM-015: error payload, stack and non-JSON body are never copied to a public error (0.352372ms)
✔ TM-035 postponed / AC-023 no-mail branch: SMTP and notification configs fail closed without logging values (0.989622ms)
✔ TM-015, TM-016: route gate rejects auth, override, traversal, legacy and OAuth surfaces (0.666104ms)
✔ AC-022: malformed JSON before controller/plugin exposes no submitted text, stack, filename or trace (300.371142ms)
[36m[2026-10-05T19:46:23.894] [337] [DEBUG][39m - Comment added fixture1
✔ AC-023: malformed and valid reader requests make zero instrumented external transport attempts (74.928213ms)
✔ isolation: alternate storage settings are rejected without echoing values (1.107894ms)
✔ isolation: a missing custom model cannot silently fall back to configured storage (50.49297ms)
ℹ tests 33
ℹ suites 0
ℹ pass 33
ℹ fail 0
ℹ cancelled 0
ℹ skipped 0
ℹ todo 0
ℹ duration_ms 15782.934605
npm notice
npm notice New major version of npm available! 11.9.0 -> 12.2.0
npm notice Changelog: https://github.com/npm/cli/releases/tag/v12.2.0
npm notice To update run: npm install -g npm@12.2.0
npm notice
npm warn Unknown env config "http-proxy". This will stop working in the next major version of npm.

> mantou-waline-backend-preparation@0.1.0 test:reference
> node scripts/run-reference-regressions.cjs

npm warn Unknown env config "http-proxy". This will stop working in the next major version of npm.
npm warn deprecated inflight@1.0.6: This module is not supported, and leaks memory. Do not use it. Check out lru-cache if you want a good and tested way to coalesce async requests by a key value, which is much more comprehensive and powerful.
npm warn deprecated har-validator@5.1.5: this library is no longer supported
npm warn deprecated glob@7.2.3: Old versions of glob are not supported, and contain widely publicized security vulnerabilities, which have been fixed in the current version. Please update. Support for old versions may be purchased (at exorbitant rates) by contacting i@izs.me
npm warn deprecated prebuild-install@7.1.3: No longer maintained. Please contact the author of the relevant native addon; alternatives are available.
npm warn deprecated formidable@1.2.6: Please upgrade to latest, formidable@v2 or formidable@v3! Check these notes: https://bit.ly/2ZEqIau
npm warn deprecated uuid@3.4.0: uuid@10 and below is no longer supported.  For ESM codebases, update to uuid@latest.  For CommonJS codebases, use uuid@11 (but be aware this version will likely be deprecated in 2028).
npm warn deprecated request@2.88.2: request has been deprecated, see https://github.com/request/request/issues/3142
npm warn deprecated superagent@8.1.2: Please upgrade to superagent v10.2.2+, see release notes at https://github.com/forwardemail/superagent/releases/tag/v10.2.2 - maintenance is supported by Forward Email @ https://forwardemail.net
npm warn deprecated superagent@5.3.1: Please upgrade to superagent v10.2.2+, see release notes at https://github.com/forwardemail/superagent/releases/tag/v10.2.2 - maintenance is supported by Forward Email @ https://forwardemail.net

added 516 packages in 7s
✔ GHSA-fjxv-7rqg-78g4: request multipart boundaries never use Math.random (1.139866ms)
✔ GHSA-hmw2-7cc7-3qxx: multipart field names and filenames cannot inject headers (0.743533ms)
✔ GHSA-4mjr-xmp4-gh2g: request query serializer safely round-trips constructor.isBuffer data (1.959977ms)
✔ request compatibility: patched multipart and query dependencies preserve local HTTP fields (90.123179ms)
ℹ tests 4
ℹ suites 0
ℹ pass 4
ℹ fail 0
ℹ cancelled 0
ℹ skipped 0
ℹ todo 0
ℹ duration_ms 219.899712
npm notice
npm notice New major version of npm available! 11.9.0 -> 12.2.0
npm notice Changelog: https://github.com/npm/cli/releases/tag/v12.2.0
npm notice To update run: npm install -g npm@12.2.0
npm notice
npm warn Unknown env config "http-proxy". This will stop working in the next major version of npm.
mantou-waline-backend-preparation@0.1.0 <source-bundle>/application
└─┬ @waline/vercel@npm:@mantou/waline-postgresql@1.43.4-mantou.1
  ├─┬ @koa/cors@5.0.0
  │ └── vary@1.1.2
  ├── @mathjax/mathjax-tex-font@4.1.3
  ├─┬ @mathjax/src@4.1.3
  │ ├── @mathjax/mathjax-newcm-font@4.1.3
  │ ├── mhchemparser@4.2.1
  │ ├─┬ mj-context-menu@1.0.0
  │ │ └─┬ rimraf@6.1.3
  │ │   ├─┬ glob@13.0.6
  │ │   │ ├─┬ minimatch@10.2.6
  │ │   │ │ └─┬ brace-expansion@5.0.12
  │ │   │ │   └── balanced-match@4.0.4
  │ │   │ ├── minipass@7.1.3
  │ │   │ └─┬ path-scurry@2.0.2
  │ │   │   ├── lru-cache@11.5.3 deduped
  │ │   │   └── minipass@7.1.3 deduped
  │ │   └── package-json-from-dist@1.0.1
  │ └─┬ speech-rule-engine@5.0.0-rc.4
  │   ├── @xmldom/xmldom@0.9.12
  │   ├── commander@14.0.3
  │   └── wicked-good-xpath@1.3.0
  ├─┬ @mdit/plugin-emoji@1.2.2
  │ ├─┬ @mdit/helper@1.1.2
  │ │ └── markdown-it@15.0.2 deduped
  │ └── markdown-it@15.0.2 deduped
  ├─┬ @mdit/plugin-katex@1.1.3
  │ ├── @mdit/helper@1.1.2 deduped
  │ ├─┬ @mdit/plugin-tex@1.1.2
  │ │ ├── @mdit/helper@1.1.2 deduped
  │ │ └── markdown-it@15.0.2 deduped
  │ ├─┬ katex@0.18.10
  │ │ └── commander@15.0.0
  │ └── markdown-it@15.0.2 deduped
  ├─┬ @mdit/plugin-mathjax@1.2.2
  │ ├── @mathjax/mathjax-newcm-font@4.1.3 deduped
  │ ├── @mathjax/src@4.1.3 deduped
  │ ├── @mdit/plugin-tex@1.1.2 deduped
  │ └── markdown-it@15.0.2 deduped
  ├─┬ @mdit/plugin-spoiler@2.1.2
  │ ├── @mdit/helper@1.1.2 deduped
  │ ├─┬ @mdit/plugin-inline-rule@2.2.2
  │ │ ├── @mdit/helper@1.1.2 deduped
  │ │ └── markdown-it@15.0.2 deduped
  │ └── markdown-it@15.0.2 deduped
  ├─┬ @mdit/plugin-sub@1.1.2
  │ ├── @mdit/helper@1.1.2 deduped
  │ ├── @mdit/plugin-inline-rule@2.2.2 deduped
  │ └── markdown-it@15.0.2 deduped
  ├─┬ @mdit/plugin-sup@1.1.2
  │ ├── @mdit/helper@1.1.2 deduped
  │ ├── @mdit/plugin-inline-rule@2.2.2 deduped
  │ └── markdown-it@15.0.2 deduped
  ├── @waline/core@0.1.0
  ├─┬ dompurify@3.4.16
  │ └── @types/trusted-types@2.0.7
  ├─┬ fast-csv@5.0.7
  │ ├─┬ @fast-csv/format@5.0.7
  │ │ └── lodash.escaperegexp@4.1.2
  │ └─┬ @fast-csv/parse@5.0.7
  │   ├── lodash.escaperegexp@4.1.2 deduped
  │   ├── lodash.groupby@4.6.0
  │   └── lodash.uniq@4.5.0
  ├─┬ form-data@4.0.6
  │ ├── asynckit@0.4.0
  │ ├─┬ combined-stream@1.0.8
  │ │ └── delayed-stream@1.0.0
  │ ├─┬ es-set-tostringtag@2.1.0
  │ │ ├── es-errors@1.3.0
  │ │ ├─┬ get-intrinsic@1.3.0
  │ │ │ ├─┬ call-bind-apply-helpers@1.0.2
  │ │ │ │ ├── es-errors@1.3.0 deduped
  │ │ │ │ └── function-bind@1.1.2 deduped
  │ │ │ ├── es-define-property@1.0.1
  │ │ │ ├── es-errors@1.3.0 deduped
  │ │ │ ├─┬ es-object-atoms@1.1.2
  │ │ │ │ └── es-errors@1.3.0 deduped
  │ │ │ ├── function-bind@1.1.2 deduped
  │ │ │ ├─┬ get-proto@1.0.1
  │ │ │ │ ├─┬ dunder-proto@1.0.1
  │ │ │ │ │ ├── call-bind-apply-helpers@1.0.2 deduped
  │ │ │ │ │ ├── es-errors@1.3.0 deduped
  │ │ │ │ │ └── gopd@1.2.0 deduped
  │ │ │ │ └── es-object-atoms@1.1.2 deduped
  │ │ │ ├── gopd@1.2.0
  │ │ │ ├── has-symbols@1.1.0
  │ │ │ ├── hasown@2.0.4 deduped
  │ │ │ └── math-intrinsics@1.1.0
  │ │ ├─┬ has-tostringtag@1.0.2
  │ │ │ └── has-symbols@1.1.0 deduped
  │ │ └── hasown@2.0.4 deduped
  │ ├─┬ hasown@2.0.4
  │ │ └── function-bind@1.1.2
  │ └─┬ mime-types@2.1.35
  │   └── mime-db@1.52.0
  ├─┬ ip2region@2.3.0
  │ └─┬ @types/node@26.6.4
  │   └── undici-types@8.9.0
  ├─┬ jsdom@30.1.2
  │ ├─┬ @asamuzakjp/css-color@7.1.3
  │ │ ├─┬ @csstools/css-calc@3.4.3
  │ │ │ ├── @csstools/css-parser-algorithms@4.0.2 deduped
  │ │ │ └── @csstools/css-tokenizer@4.0.2 deduped
  │ │ ├─┬ @csstools/css-color-parser@4.2.6
  │ │ │ ├── @csstools/color-helpers@6.1.2
  │ │ │ ├── @csstools/css-calc@3.4.3 deduped
  │ │ │ ├── @csstools/css-parser-algorithms@4.0.2 deduped
  │ │ │ └── @csstools/css-tokenizer@4.0.2 deduped
  │ │ ├─┬ @csstools/css-parser-algorithms@4.0.2
  │ │ │ └── @csstools/css-tokenizer@4.0.2 deduped
  │ │ ├── @csstools/css-tokenizer@4.0.2
  │ │ └── lru-cache@11.5.3 deduped
  │ ├─┬ @asamuzakjp/dom-selector@9.2.4
  │ │ ├─┬ bidi-js@1.1.0
  │ │ │ └── require-from-string@2.0.2
  │ │ ├── css-tree@3.2.1 deduped
  │ │ ├── is-potential-custom-element-name@1.0.1 deduped
  │ │ └── lru-cache@11.5.3 deduped
  │ ├─┬ @bramus/specificity@2.4.2
  │ │ └── css-tree@3.2.1 deduped
  │ ├─┬ @csstools/css-syntax-patches-for-csstree@1.1.15
  │ │ └── css-tree@3.2.1 deduped
  │ ├─┬ @exodus/bytes@1.16.0
  │ │ └── UNMET OPTIONAL DEPENDENCY @noble/hashes@^1.8.0 || ^2.0.0
  │ ├── UNMET OPTIONAL DEPENDENCY canvas@^3.2.3
  │ ├─┬ css-tree@3.2.1
  │ │ ├── mdn-data@2.27.1
  │ │ └── source-map-js@1.2.2
  │ ├─┬ data-urls@8.0.0
  │ │ ├── whatwg-mimetype@5.0.0 deduped
  │ │ └── whatwg-url@17.2.0 deduped
  │ ├── decimal.js@10.6.0
  │ ├─┬ html-encoding-sniffer@7.0.0
  │ │ └── @exodus/bytes@1.16.0 deduped
  │ ├── is-potential-custom-element-name@1.0.1
  │ ├── lru-cache@11.5.3
  │ ├─┬ parse5@8.0.1
  │ │ └── entities@8.1.0 deduped
  │ ├─┬ saxes@6.0.0
  │ │ └── xmlchars@2.2.0
  │ ├─┬ tough-cookie@6.0.2
  │ │ └─┬ tldts@7.4.16
  │ │   └── tldts-core@7.4.16
  │ ├── undici@8.11.2
  │ ├─┬ w3c-xmlserializer@6.0.0
  │ │ └── xml-name-validator@5.0.0 deduped
  │ ├── webidl-conversions@8.0.1
  │ ├── whatwg-mimetype@5.0.0
  │ ├─┬ whatwg-url@17.2.0
  │ │ ├── @exodus/bytes@1.16.0 deduped
  │ │ ├─┬ tr46@7.0.0
  │ │ │ └── punycode@2.3.1
  │ │ └── webidl-conversions@8.0.1 deduped
  │ └── xml-name-validator@5.0.0
  ├─┬ jsonwebtoken@9.0.3
  │ ├─┬ jws@4.0.1
  │ │ ├─┬ jwa@2.0.1
  │ │ │ ├── buffer-equal-constant-time@1.0.1
  │ │ │ ├─┬ ecdsa-sig-formatter@1.0.11
  │ │ │ │ └── safe-buffer@5.2.1 deduped
  │ │ │ └── safe-buffer@5.2.1 deduped
  │ │ └── safe-buffer@5.2.1
  │ ├── lodash.includes@4.3.0
  │ ├── lodash.isboolean@3.0.3
  │ ├── lodash.isinteger@4.0.4
  │ ├── lodash.isnumber@3.0.3
  │ ├── lodash.isplainobject@4.0.6
  │ ├── lodash.isstring@4.0.1
  │ ├── lodash.once@4.1.1
  │ ├── ms@2.1.3
  │ └── semver@7.8.5
  ├── koa-compose@4.1.0
  ├─┬ markdown-it@15.0.2
  │ ├── argparse@3.0.2
  │ ├── entities@8.1.0
  │ ├─┬ linkify-it@6.1.0
  │ │ └── uc.micro@3.0.0 deduped
  │ ├── mdurl@2.1.0
  │ ├── punycode.js@2.3.1
  │ └── uc.micro@3.0.0
  ├── nodemailer@10.0.14
  ├─┬ nunjucks@3.2.4
  │ ├── a-sync-waterfall@1.0.1
  │ ├── asap@2.0.6
  │ ├── UNMET OPTIONAL DEPENDENCY chokidar@^3.3.0
  │ └── commander@5.1.0
  ├─┬ phpass@1.0.0
  │ └── bcryptjs@3.0.3
  ├── prismjs@1.30.0
  ├─┬ rss@1.2.2
  │ ├─┬ mime-types@2.1.13
  │ │ └── mime-db@1.25.0
  │ └── xml@1.0.1
  ├─┬ speakeasy@2.0.0
  │ └── base32.js@0.0.1
  ├─┬ think-helper@1.3.0
  │ ├── core-util-is@1.0.3
  │ ├── lodash.merge@4.6.2
  │ ├── ms@2.1.3 deduped
  │ └── pure-uuid@2.0.0
  ├─┬ think-logger3@1.4.0
  │ └─┬ log4js@6.9.1
  │   ├── date-format@4.0.14
  │   ├── debug@4.4.3 deduped
  │   ├── flatted@3.4.4
  │   ├── rfdc@1.4.1
  │   └─┬ streamroller@3.1.5
  │     ├── date-format@4.0.14 deduped
  │     ├── debug@4.4.3 deduped
  │     └─┬ fs-extra@8.1.0
  │       ├── graceful-fs@4.2.11
  │       ├─┬ jsonfile@4.0.0
  │       │ └── graceful-fs@4.2.11 deduped
  │       └── universalify@0.1.2
  ├─┬ think-model-postgresql@1.1.10
  │ ├─┬ pg@8.23.1
  │ │ ├── pg-cloudflare@1.4.1
  │ │ ├── pg-connection-string@2.14.1
  │ │ ├── UNMET OPTIONAL DEPENDENCY pg-native@>=3.0.1
  │ │ ├─┬ pg-pool@3.14.0
  │ │ │ └── pg@8.23.1 deduped
  │ │ ├── pg-protocol@1.16.1
  │ │ ├─┬ pg-types@2.2.0
  │ │ │ ├── pg-int8@1.0.1
  │ │ │ ├── postgres-array@2.0.0
  │ │ │ ├── postgres-bytea@1.0.1
  │ │ │ ├── postgres-date@1.0.7
  │ │ │ └─┬ postgres-interval@1.2.0
  │ │ │   └── xtend@4.0.2
  │ │ └─┬ pgpass@1.0.5
  │ │   └── split2@4.2.0
  │ ├── think-debounce@1.0.4
  │ ├── think-helper@1.3.0 deduped
  │ ├─┬ think-instance@1.0.2
  │ │ └── think-helper@1.3.0 deduped
  │ └─┬ think-model-abstract@1.6.5
  │   ├─┬ debug@3.2.7
  │   │ └── ms@2.1.3 deduped
  │   └── think-helper@1.3.0 deduped
  ├─┬ think-model@1.5.4
  │ ├─┬ think-cache@1.1.2
  │ │ ├── think-debounce@1.0.4 deduped
  │ │ └── think-helper@1.3.0 deduped
  │ ├── think-debounce@1.0.4 deduped
  │ ├── think-helper@1.3.0 deduped
  │ └── think-model-abstract@1.6.5 deduped
  ├─┬ think-router-rest@1.0.5
  │ └─┬ debug@4.4.3
  │   └── ms@2.1.3 deduped
  ├─┬ thinkjs@4.0.0
  │ ├─┬ cookies@0.8.0
  │ │ ├── depd@2.0.0
  │ │ └─┬ keygrip@1.1.0
  │ │   └── tsscmp@1.0.6
  │ ├─┬ debug@3.2.7
  │ │ └── ms@2.1.3 deduped
  │ ├── destroy@1.2.0
  │ ├─┬ koa@3.2.1
  │ │ ├─┬ accepts@1.3.8
  │ │ │ ├── mime-types@2.1.35 deduped
  │ │ │ └── negotiator@0.6.3
  │ │ ├── content-disposition@1.0.1
  │ │ ├── content-type@1.0.5
  │ │ ├─┬ cookies@0.9.2
  │ │ │ ├── depd@2.0.0 deduped
  │ │ │ └── keygrip@1.1.0 deduped
  │ │ ├── delegates@1.0.0
  │ │ ├── destroy@1.2.0 deduped
  │ │ ├── encodeurl@2.0.0
  │ │ ├── escape-html@1.0.3
  │ │ ├── fresh@0.5.2
  │ │ ├─┬ http-assert@1.5.0
  │ │ │ ├── deep-equal@1.0.1
  │ │ │ └─┬ http-errors@1.8.1
  │ │ │   ├── depd@1.1.2
  │ │ │   ├── inherits@2.0.4 deduped
  │ │ │   ├── setprototypeof@1.2.0 deduped
  │ │ │   ├── statuses@1.5.0
  │ │ │   └── toidentifier@1.0.1 deduped
  │ │ ├─┬ http-errors@2.0.1
  │ │ │ ├── depd@2.0.0 deduped
  │ │ │ ├── inherits@2.0.4
  │ │ │ ├── setprototypeof@1.2.0
  │ │ │ ├── statuses@2.0.2 deduped
  │ │ │ └── toidentifier@1.0.1
  │ │ ├── koa-compose@4.1.0 deduped
  │ │ ├─┬ mime-types@3.0.2
  │ │ │ └── mime-db@1.54.0
  │ │ ├── on-finished@2.4.1 deduped
  │ │ ├── parseurl@1.3.3
  │ │ ├── statuses@2.0.2
  │ │ ├─┬ type-is@2.1.0
  │ │ │ ├── content-type@2.1.0
  │ │ │ ├── media-typer@1.1.1
  │ │ │ └─┬ mime-types@3.0.2
  │ │ │   └── mime-db@1.54.0
  │ │ └── vary@1.1.2 deduped
  │ ├─┬ on-finished@2.4.1
  │ │ └── ee-first@1.1.1
  │ ├─┬ think-cluster@1.5.8
  │ │ ├─┬ debug@2.6.9
  │ │ │ └── ms@2.0.0
  │ │ ├── string-hash@1.1.3
  │ │ └── think-helper@1.3.0 deduped
  │ ├─┬ think-config@1.1.3
  │ │ └── think-helper@1.3.0 deduped
  │ ├─┬ think-controller@1.0.5
  │ │ └── think-helper@1.3.0 deduped
  │ ├─┬ think-crontab@1.0.4
  │ │ ├─┬ debug@2.6.9
  │ │ │ └── ms@2.0.0
  │ │ ├─┬ node-schedule@1.3.3
  │ │ │ ├─┬ cron-parser@2.18.0
  │ │ │ │ ├─┬ is-nan@1.3.2
  │ │ │ │ │ ├─┬ call-bind@1.0.9
  │ │ │ │ │ │ ├── call-bind-apply-helpers@1.0.2 deduped
  │ │ │ │ │ │ ├── es-define-property@1.0.1 deduped
  │ │ │ │ │ │ ├── get-intrinsic@1.3.0 deduped
  │ │ │ │ │ │ └─┬ set-function-length@1.2.2
  │ │ │ │ │ │   ├── define-data-property@1.1.4 deduped
  │ │ │ │ │ │   ├── es-errors@1.3.0 deduped
  │ │ │ │ │ │   ├── function-bind@1.1.2 deduped
  │ │ │ │ │ │   ├── get-intrinsic@1.3.0 deduped
  │ │ │ │ │ │   ├── gopd@1.2.0 deduped
  │ │ │ │ │ │   └── has-property-descriptors@1.0.2 deduped
  │ │ │ │ │ └─┬ define-properties@1.2.1
  │ │ │ │ │   ├─┬ define-data-property@1.1.4
  │ │ │ │ │   │ ├── es-define-property@1.0.1 deduped
  │ │ │ │ │   │ ├── es-errors@1.3.0 deduped
  │ │ │ │ │   │ └── gopd@1.2.0 deduped
  │ │ │ │ │   ├─┬ has-property-descriptors@1.0.2
  │ │ │ │ │   │ └── es-define-property@1.0.1 deduped
  │ │ │ │ │   └── object-keys@1.1.1
  │ │ │ │ └─┬ moment-timezone@0.5.48
  │ │ │ │   └── moment@2.31.0
  │ │ │ ├── long-timeout@0.1.1
  │ │ │ └── sorted-array-functions@1.3.0
  │ │ ├── think-cluster@1.5.8 deduped
  │ │ ├── think-helper@1.3.0 deduped
  │ │ └── think-mock-http@1.0.6 deduped
  │ ├── think-helper@1.3.0 deduped
  │ ├─┬ think-loader@1.2.3
  │ │ ├─┬ debug@2.6.9
  │ │ │ └── ms@2.0.0
  │ │ ├─┬ path-to-regexp@1.9.0
  │ │ │ └── isarray@0.0.1
  │ │ ├── think-helper@1.3.0 deduped
  │ │ └── thinkjs@4.0.0 deduped
  │ ├── think-logger3@1.4.0 deduped
  │ ├─┬ think-logic@1.2.2
  │ │ └── think-helper@1.3.0 deduped
  │ ├─┬ think-meta@1.0.6
  │ │ └── think-helper@1.3.0 deduped
  │ ├─┬ think-mock-http@1.0.6
  │ │ ├─┬ debug@2.6.9
  │ │ │ └── ms@2.0.0
  │ │ └── think-helper@1.3.0 deduped
  │ ├─┬ think-payload@1.4.1
  │ │ ├── formidable@1.2.6
  │ │ ├── inflation@2.1.0
  │ │ ├── on-finished@2.4.1 deduped
  │ │ ├─┬ raw-body@2.5.3
  │ │ │ ├── bytes@3.1.2
  │ │ │ ├── http-errors@2.0.1 deduped
  │ │ │ ├─┬ iconv-lite@0.4.24
  │ │ │ │ └── safer-buffer@2.1.2
  │ │ │ └── unpipe@1.0.0
  │ │ ├── think-helper@1.3.0 deduped
  │ │ └─┬ xml2js@0.6.2
  │ │   ├── sax@1.6.1
  │ │   └── xmlbuilder@11.0.1
  │ ├── think-pm2@1.0.0
  │ ├─┬ think-resource@1.0.3
  │ │ ├─┬ debug@2.6.9
  │ │ │ └── ms@2.0.0
  │ │ ├─┬ koa-send@3.3.0
  │ │ │ ├── co@4.6.0
  │ │ │ ├─┬ debug@2.6.9
  │ │ │ │ └── ms@2.0.0
  │ │ │ ├─┬ mz@2.7.0
  │ │ │ │ ├── any-promise@1.3.0
  │ │ │ │ ├── object-assign@4.1.1
  │ │ │ │ └─┬ thenify-all@1.6.0
  │ │ │ │   └─┬ thenify@3.3.1
  │ │ │ │     └── any-promise@1.3.0 deduped
  │ │ │ └─┬ resolve-path@1.4.0
  │ │ │   ├─┬ http-errors@1.6.3
  │ │ │   │ ├── depd@1.1.2
  │ │ │   │ ├── inherits@2.0.3
  │ │ │   │ ├── setprototypeof@1.1.0
  │ │ │   │ └── statuses@1.5.0
  │ │ │   └── path-is-absolute@1.0.1
  │ │ └── think-helper@1.3.0 deduped
  │ ├─┬ think-router@1.3.5
  │ │ ├─┬ debug@2.6.9
  │ │ │ └── ms@2.0.0
  │ │ ├── path-to-regexp@1.9.0 deduped
  │ │ └── think-helper@1.3.0 deduped
  │ ├─┬ think-trace@1.0.18
  │ │ ├─┬ source-map-support@0.4.18
  │ │ │ └── source-map@0.5.7
  │ │ ├── stack-trace@0.0.9
  │ │ ├── statuses@1.5.0
  │ │ └── think-helper@1.3.0 deduped
  │ └─┬ think-validator@1.7.0
  │   ├── think-helper@1.3.0 deduped
  │   └── validator@13.15.35
  └─┬ ua-parser-js@2.0.10
    ├── detect-europe-js@0.1.2
    ├── is-standalone-pwa@0.1.1
    └── ua-is-frozen@0.1.2

Fresh extracted application/reference verification passed without registry downloads. Audit is a separate live check.
