$ tsdown
ℹ tsdown v0.23.0 powered by rolldown v1.2.11
ℹ config file: BUILD_WORKDIR/source/packages/core/tsdown.config.ts 
ℹ entry: ./src/index.ts
ℹ target: es2022
ℹ tsconfig: tsconfig.json
ℹ Build start

 WARN  TypeScript 7.0 does not yet have a stable API and is experimental. Some options will be unavailable.

ℹ Emit types with typescript@7.0.2
ℹ [CJS] dist/index.cjs  28.99 kB │ gzip: 7.46 kB
ℹ [CJS] 1 files, total: 28.99 kB
ℹ [ESM] dist/index.js    28.88 kB │ gzip: 7.41 kB
ℹ [ESM] dist/index.d.ts  11.75 kB │ gzip: 2.72 kB
ℹ [ESM] 2 files, total: 40.63 kB
✔ Build complete in 343ms
ℹ [CJS] dist/index.d.cts  11.75 kB │ gzip: 2.72 kB
ℹ [CJS] 1 files, total: 11.75 kB
✔ Build complete in 360ms
ℹ [publint] The package does not specify the "engines.node" field. Consumers may install it on an unsupported Node.js version. Consider adding the field with your actual minimum supported Node.js version. (This may be a breaking change)
build_exit=0
