? Verifying lockfile against supply-chain policies (1710 entries)...
Update available! 12.6.0 → 12.9.1.
Changelog: https://pnpm.io/v/12.9.1
To update, run: curl -fsSL https://get.pnpm.io/install.sh | sh -
[WARN] Request took 10462ms: https://registry.npmjs.org/@esbuild%2Fopenbsd-arm64
[WARN] Request took 10494ms: https://registry.npmjs.org/@esbuild%2Fopenharmony-arm64
[WARN] Request took 10495ms: https://registry.npmjs.org/@jridgewell%2Fresolve-uri
[WARN] Request took 10474ms: https://registry.npmjs.org/@esbuild%2Fwin32-arm64
[WARN] Request took 10487ms: https://registry.npmjs.org/@esbuild%2Fsunos-x64
[WARN] Request took 10621ms: https://registry.npmjs.org/@leancloud%2Fadapter-utils
[WARN] Request took 10796ms: https://registry.npmjs.org/@leancloud%2Fplatform-adapters-node
[WARN] Request took 11022ms: https://registry.npmjs.org/@floating-ui%2Futils
[WARN] Request took 11060ms: https://registry.npmjs.org/@keyv%2Fbigmap
[WARN] Request took 11058ms: https://registry.npmjs.org/@koa%2Fcors
[WARN] Request took 11077ms: https://registry.npmjs.org/@jridgewell%2Ftrace-mapping
[WARN] Request took 11300ms: https://registry.npmjs.org/@mdit%2Fplugin-tab
[WARN] Request took 11035ms: https://registry.npmjs.org/@oxc-parser%2Fbinding-linux-arm64-musl
[WARN] Request took 10756ms: https://registry.npmjs.org/@typescript%2Ftypescript-win32-x64
[WARN] Request took 10814ms: https://registry.npmjs.org/@typescript%2Ftypescript-linux-arm64
[WARN] Request took 11616ms: https://registry.npmjs.org/@vitejs%2Fplugin-vue
[WARN] Request took 11592ms: https://registry.npmjs.org/@vitest%2Fmocker
[WARN] Request took 11516ms: https://registry.npmjs.org/@typescript%2Ftypescript-win32-arm64
✓ Lockfile passes supply-chain policies (1710 entries in 37.2s)
Lockfile is up to date, resolution step is skipped
Progress: resolved 626, reused 0, downloaded 2, added 0
Packages are hard linked from the content-addressable store to the virtual store.
  Content-addressable store is at: BUILD_WORKDIR/pnpm-store/v11
  Virtual store is at:             ../pnpm-store/v11/links
Downloading @turbo/linux-64@2.11.4: 0.00 B/17.94 MB
Downloading @oxlint/binding-linux-x64-gnu@1.85.0: 0.00 B/6.53 MB
Downloading @vercel/go@14.0.1: 0.00 B/5.33 MB
Downloading @vercel/vc-native-linux-x64@60.1.3: 0.00 B/56.66 MB
Downloading @typescript/typescript-linux-x64@7.0.2: 0.00 B/9.66 MB
Downloading @oxlint-tsgolint/linux-x64@7.0.2003: 0.00 B/7.77 MB
Downloading @rolldown/binding-linux-x64-gnu@1.2.11: 0.00 B/7.94 MB
Progress: resolved 626, reused 0, downloaded 445, added 416
Downloading @rolldown/binding-linux-x64-gnu@1.0.0-rc.1: 0.00 B/8.37 MB
Downloading @rolldown/binding-linux-x64-gnu@1.0.0-rc.1: 5.03 MB/8.37 MB
Packages: +626
++++++++++++++++++++++++++++++++++++++++++++++++++++++++++++++++++++++++++++++++
Progress: resolved 626, reused 0, downloaded 626, added 626, done

dependencies:
+ turbo 2.11.4
+ waline-root link:

devDependencies:
+ @babel/runtime 8.0.5
+ @mr-hope/tsconfig 0.0.4
+ @redocly/cli 2.54.3
+ @types/node 26.6.3
+ @vitejs/plugin-react 6.1.1
+ @vitest/coverage-v8 5.0.2
+ cross-env 10.1.0
+ husky 9.1.7
+ markdownlint-cli2 0.23.3
+ nano-staged 1.0.2
+ oxc-config-hope 0.3.13
+ oxfmt 0.70.0
+ oxlint 1.85.0
+ oxlint-tsgolint 7.0.2003
+ picocolors 1.1.1
+ postcss 8.5.28
+ publint 0.3.24
+ rimraf 6.1.3
+ sass-embedded 1.104.1
+ stylelint 17.15.0
+ stylelint-config-hope 12.1.0
+ tsdown 0.23.0
+ typescript 7.0.2
+ unrun 0.3.1
+ vercel 60.1.3
+ vite 8.3.1
+ vite-plugin-css-injected-by-js 5.0.2
+ vite-plugin-svgr 5.2.0
+ vitest 5.0.2

Done in 46.5s using pnpm v12.6.0
