verified @publint/pack@0.1.7 (7615 bytes)
verified @oxc-project/types@0.151.0 (7677 bytes)
verified @pkgr/core@0.3.6 (3769 bytes)
verified @rolldown/pluginutils@1.0.1 (6681 bytes)
verified @quansync/fs@1.1.0 (3389 bytes)
verified @esbuild/linux-x64@0.27.0 (4645866 bytes)
verified @yuku-codegen/binding-linux-x64-gnu@0.10.2 (105577 bytes)
verified @yuku-toolchain/types@0.10.2 (11068 bytes)
verified cac@7.0.0 (13177 bytes)
verified @yuku-parser/binding-linux-x64-gnu@0.10.2 (352784 bytes)
verified @rolldown/binding-linux-x64-gnu@1.2.11 (7940801 bytes)
verified defu@6.1.7 (4897 bytes)
verified dts-resolver@3.0.0 (2942 bytes)
verified esbuild@0.27.0 (30946 bytes)
verified empathic@2.1.0 (5482 bytes)
verified fdir@6.5.0 (9742 bytes)
verified get-tsconfig@4.14.3 (49036 bytes)
verified get-tsconfig@5.0.0-beta.6 (34520 bytes)
verified @typescript/typescript-linux-x64@7.0.2 (9669334 bytes)
verified hookable@6.1.2 (7654 bytes)
verified import-without-cache@0.4.1 (3384 bytes)
verified mri@1.2.0 (4448 bytes)
verified obug@2.2.1 (10816 bytes)
verified obug@3.0.0 (9311 bytes)
verified package-manager-detector@1.8.0 (7930 bytes)
verified picocolors@1.1.1 (2625 bytes)
verified picomatch@4.0.7 (24326 bytes)
verified publint@0.3.24 (31507 bytes)
verified quansync@1.0.0 (5071 bytes)
verified resolve-pkg-maps@1.0.0 (5194 bytes)
verified rolldown-plugin-dts@0.28.6 (30277 bytes)
verified sade@1.8.1 (10449 bytes)
verified rolldown@1.2.11 (198125 bytes)
verified synckit@0.11.13 (25114 bytes)
verified tinyexec@1.3.1 (9187 bytes)
verified tree-kill@1.2.2 (3243 bytes)
verified tinyglobby@0.2.17 (7873 bytes)
verified tsdown@0.23.0 (55654 bytes)
verified unrun@0.3.1 (13271 bytes)
verified unconfig-core@7.5.0 (2583 bytes)
verified tsx@4.21.0 (154267 bytes)
verified verkit@0.4.1 (18435 bytes)
verified yuku-ast@0.10.2 (17375 bytes)
verified pnpm@12.6.0 (996484 bytes)
verified yuku-codegen@0.10.2 (16098 bytes)
verified yuku-parser@0.10.2 (15871 bytes)
verified typescript@7.0.2 (365612 bytes)
verified @pnpm/exe.linux-x64@12.6.0 (24702322 bytes)
Verified 48 tool archives, 49659809 bytes
